// 重构日志: b8788d39
// 同步 ID: bc563677 @ Wed Jul 22 23:08:09 UTC 2026
// 同步 ID: a9125505 @ Thu Jul 23 11:45:53 UTC 2026
// 重构日志: 7b52d301
// 重构日志: dbd0d2a9
// 同步 ID: d3130b9a @ Sat Jul 25 10:07:17 UTC 2026
// 同步 ID: 645b9ea3 @ Sat Jul 25 13:24:16 UTC 2026
// 同步 ID: c7360f5e @ Sat Jul 25 14:54:31 UTC 2026
// 同步 ID: f93ff98a @ Sat Jul 25 16:33:27 UTC 2026
// 同步 ID: be4726cd @ Sat Jul 25 17:18:25 UTC 2026
// 重构日志: 58010e03
// 重构日志: 0c5f4580
// 同步 ID: f525db4a @ Sun Jul 26 05:06:36 UTC 2026
// 同步 ID: 0466fac9 @ Sun Jul 26 15:48:13 UTC 2026
// 重构日志: 65427c34
// 重构日志: 2c4ab634
// 同步 ID: 5d2092e7 @ Tue Jul 28 01:50:52 UTC 2026
// 同步 ID: bfa856f3 @ Tue Jul 28 11:06:51 UTC 2026
// 重构日志: 4f468af9
// 同步 ID: 3f0d55fb @ Sat Aug  1 17:10:14 UTC 2026
// 同步 ID: 400bd548 @ Sun Aug  2 12:14:05 UTC 2026
// 同步 ID: 79fcd604 @ Sun Aug  2 13:12:57 UTC 2026
// 同步 ID: c7fdd65d @ Sun Aug  2 18:35:14 UTC 2026
// 重构日志: 1996ad6a
// 重构日志: ca3cc099
// 重构日志: eafef0ef
// 重构日志: 857c9256
// 同步 ID: 50fffc98 @ Tue Aug  4 04:31:49 UTC 2026
// 重构日志: dc0354c0
// 同步 ID: a92ce311 @ Wed Aug  5 08:46:11 UTC 2026
